Publishing tools to /home/justin/bin...
Restoring solution...
+ dotnet
restore
/home/justin/repos/urban-sniffle/Magazine.sln
  Determining projects to restore...
  Restored /home/justin/repos/urban-sniffle/src/file-renamer/file-renamer.csproj (in 533 ms).
  Restored /home/justin/repos/urban-sniffle/src/image-splitter/ImageSplitter.csproj (in 532 ms).
  Restored /home/justin/repos/urban-sniffle/src/index-editor/IndexEditor.csproj (in 733 ms).
  Restored /home/justin/repos/urban-sniffle/src/find-links/find-links.csproj (in 729 ms).
  Restored /home/justin/repos/urban-sniffle/src/common/common.csproj (in 729 ms).
  Restored /home/justin/repos/urban-sniffle/src/magazine-parser/magazine-parser.csproj (in 729 ms).
  4 of 10 projects are up-to-date for restore.
Publishing file-renamer.csproj...
+ dotnet
publish
/home/justin/repos/urban-sniffle/src/file-renamer/file-renamer.csproj
-c
Release
-r
linux-x64
--self-contained
true
-p:PublishSingleFile=true
-p:PublishTrimmed=true
-o
/home/justin/bin
MSBuild version 17.8.49+7806cbf7b for .NET
  Determining projects to restore...
  Restored /home/justin/repos/urban-sniffle/src/file-renamer/file-renamer.csproj (in 299 ms).
  file-renamer -> /home/justin/repos/urban-sniffle/src/file-renamer/bin/Release/net8.0/linux-x64/file-renamer.dll
  Optimizing assemblies for size. This process might take a while.
  file-renamer -> /home/justin/bin/
Publishing magazine-parser.csproj...
+ dotnet
publish
/home/justin/repos/urban-sniffle/src/magazine-parser/magazine-parser.csproj
-c
Release
-r
linux-x64
--self-contained
true
-p:PublishSingleFile=true
-p:PublishTrimmed=true
-o
/home/justin/bin
MSBuild version 17.8.49+7806cbf7b for .NET
  Determining projects to restore...
  Restored /home/justin/repos/urban-sniffle/src/magazine-parser/magazine-parser.csproj (in 298 ms).
  Restored /home/justin/repos/urban-sniffle/src/common/common.csproj (in 298 ms).
  common -> /home/justin/repos/urban-sniffle/src/common/bin/Release/net8.0/common.dll
  magazine-parser -> /home/justin/repos/urban-sniffle/src/magazine-parser/bin/Release/net8.0/linux-x64/magazine-parser.dll
  Optimizing assemblies for size. This process might take a while.
  magazine-parser -> /home/justin/bin/
Publishing ImageSplitter.csproj...
+ dotnet
publish
/home/justin/repos/urban-sniffle/src/image-splitter/ImageSplitter.csproj
-c
Release
-r
linux-x64
--self-contained
true
-p:PublishSingleFile=true
-p:PublishTrimmed=true
-o
/home/justin/bin
MSBuild version 17.8.49+7806cbf7b for .NET
  Determining projects to restore...
  Restored /home/justin/repos/urban-sniffle/src/image-splitter/ImageSplitter.csproj (in 255 ms).
  ImageSplitter -> /home/justin/repos/urban-sniffle/src/image-splitter/bin/Release/net8.0/linux-x64/ImageSplitter.dll
  Optimizing assemblies for size. This process might take a while.
  ImageSplitter -> /home/justin/bin/
Publishing find-links.csproj...
+ dotnet
publish
/home/justin/repos/urban-sniffle/src/find-links/find-links.csproj
-c
Release
-r
linux-x64
--self-contained
true
-p:PublishSingleFile=true
-p:PublishTrimmed=true
-o
/home/justin/bin
MSBuild version 17.8.49+7806cbf7b for .NET
  Determining projects to restore...
  Restored /home/justin/repos/urban-sniffle/src/find-links/find-links.csproj (in 312 ms).
  1 of 2 projects are up-to-date for restore.
  common -> /home/justin/repos/urban-sniffle/src/common/bin/Release/net8.0/common.dll
/home/justin/repos/urban-sniffle/src/find-links/Program.cs(52,23): warning CS8604: Possible null reference argument for parameter 'volume' in 'void FindLinksApp.Run(string magazineType, string volume, string? number, bool force)'. [/home/justin/repos/urban-sniffle/src/find-links/find-links.csproj]
  find-links -> /home/justin/repos/urban-sniffle/src/find-links/bin/Release/net8.0/linux-x64/find-links.dll
  Optimizing assemblies for size. This process might take a while.
  find-links -> /home/justin/bin/
Publishing measure-test.csproj...
+ dotnet
publish
/home/justin/repos/urban-sniffle/src/common/measure-test/measure-test.csproj
-c
Release
-r
linux-x64
--self-contained
true
-p:PublishSingleFile=true
-p:PublishTrimmed=true
-o
/home/justin/bin
MSBuild version 17.8.49+7806cbf7b for .NET
  Determining projects to restore...
  All projects are up-to-date for restore.
  common -> /home/justin/repos/urban-sniffle/src/common/bin/Release/net8.0/common.dll
  measure-test -> /home/justin/repos/urban-sniffle/src/common/measure-test/bin/Release/net8.0/linux-x64/measure-test.dll
  Optimizing assemblies for size. This process might take a while.
  measure-test -> /home/justin/bin/

Publishing desktop applications...
Publishing IndexEditor.csproj...
+ dotnet
publish
/home/justin/repos/urban-sniffle/src/index-editor/IndexEditor.csproj
-c
Release
-r
linux-x64
--self-contained
true
-p:PublishSingleFile=true
-p:PublishTrimmed=true
-o
/home/justin/bin
MSBuild version 17.8.49+7806cbf7b for .NET
  Determining projects to restore...
  Restored /home/justin/repos/urban-sniffle/src/index-editor/IndexEditor.csproj (in 434 ms).
  1 of 2 projects are up-to-date for restore.
  common -> /home/justin/repos/urban-sniffle/src/common/bin/Release/net8.0/common.dll
/home/justin/repos/urban-sniffle/src/index-editor/Services/KeyboardHandlers/SegmentKeyboardHandler.cs(65,19): warning CS0618: 'EditorActions' is obsolete: 'Use IEditorActions via dependency injection instead. This static wrapper is for backward compatibility only.' [/home/justin/repos/urban-sniffle/src/index-editor/IndexEditor.csproj]
/home/justin/repos/urban-sniffle/src/index-editor/Services/KeyboardHandlers/SegmentKeyboardHandler.cs(80,30): warning CS0618: 'EditorState' is obsolete: 'Use IEditorState via dependency injection instead. This static wrapper is for backward compatibility only.' [/home/justin/repos/urban-sniffle/src/index-editor/IndexEditor.csproj]
/home/justin/repos/urban-sniffle/src/index-editor/Services/KeyboardHandlers/SegmentKeyboardHandler.cs(83,27): warning CS0618: 'EditorActions' is obsolete: 'Use IEditorActions via dependency injection instead. This static wrapper is for backward compatibility only.' [/home/justin/repos/urban-sniffle/src/index-editor/IndexEditor.csproj]
/home/justin/repos/urban-sniffle/src/index-editor/Services/KeyboardHandlers/SegmentKeyboardHandler.cs(94,27): warning CS0618: 'EditorActions' is obsolete: 'Use IEditorActions via dependency injection instead. This static wrapper is for backward compatibility only.' [/home/justin/repos/urban-sniffle/src/index-editor/IndexEditor.csproj]
/home/justin/repos/urban-sniffle/src/index-editor/Services/KeyboardHandlers/ArticleKeyboardHandler.cs(95,29): warning CS0618: 'EditorState' is obsolete: 'Use IEditorState via dependency injection instead. This static wrapper is for backward compatibility only.' [/home/justin/repos/urban-sniffle/src/index-editor/IndexEditor.csproj]
/home/justin/repos/urban-sniffle/src/index-editor/Services/KeyboardHandlers/SegmentKeyboardHandler.cs(108,19): warning CS0618: 'EditorState' is obsolete: 'Use IEditorState via dependency injection instead. This static wrapper is for backward compatibility only.' [/home/justin/repos/urban-sniffle/src/index-editor/IndexEditor.csproj]
/home/justin/repos/urban-sniffle/src/index-editor/Services/KeyboardHandlers/SegmentKeyboardHandler.cs(115,27): warning CS0618: 'EditorState' is obsolete: 'Use IEditorState via dependency injection instead. This static wrapper is for backward compatibility only.' [/home/justin/repos/urban-sniffle/src/index-editor/IndexEditor.csproj]
/home/justin/repos/urban-sniffle/src/index-editor/Services/KeyboardHandlers/SegmentKeyboardHandler.cs(119,23): warning CS0618: 'EditorActions' is obsolete: 'Use IEditorActions via dependency injection instead. This static wrapper is for backward compatibility only.' [/home/justin/repos/urban-sniffle/src/index-editor/IndexEditor.csproj]
/home/justin/repos/urban-sniffle/src/index-editor/Services/KeyboardHandlers/SegmentKeyboardHandler.cs(139,19): warning CS0618: 'EditorState' is obsolete: 'Use IEditorState via dependency injection instead. This static wrapper is for backward compatibility only.' [/home/justin/repos/urban-sniffle/src/index-editor/IndexEditor.csproj]
/home/justin/repos/urban-sniffle/src/index-editor/Services/KeyboardHandlers/SegmentKeyboardHandler.cs(165,33): warning CS0618: 'EditorState' is obsolete: 'Use IEditorState via dependency injection instead. This static wrapper is for backward compatibility only.' [/home/justin/repos/urban-sniffle/src/index-editor/IndexEditor.csproj]
/home/justin/repos/urban-sniffle/src/index-editor/Services/KeyboardHandlers/SegmentKeyboardHandler.cs(166,29): warning CS0618: 'EditorState' is obsolete: 'Use IEditorState via dependency injection instead. This static wrapper is for backward compatibility only.' [/home/justin/repos/urban-sniffle/src/index-editor/IndexEditor.csproj]
/home/justin/repos/urban-sniffle/src/index-editor/Services/KeyboardHandlers/SegmentKeyboardHandler.cs(166,66): warning CS0618: 'EditorState' is obsolete: 'Use IEditorState via dependency injection instead. This static wrapper is for backward compatibility only.' [/home/justin/repos/urban-sniffle/src/index-editor/IndexEditor.csproj]
/home/justin/repos/urban-sniffle/src/index-editor/Services/KeyboardHandlers/FileKeyboardHandler.cs(70,26): warning CS0618: 'EditorState' is obsolete: 'Use IEditorState via dependency injection instead. This static wrapper is for backward compatibility only.' [/home/justin/repos/urban-sniffle/src/index-editor/IndexEditor.csproj]
/home/justin/repos/urban-sniffle/src/index-editor/Services/KeyboardHandlers/FileKeyboardHandler.cs(78,25): warning CS0618: 'EditorState' is obsolete: 'Use IEditorState via dependency injection instead. This static wrapper is for backward compatibility only.' [/home/justin/repos/urban-sniffle/src/index-editor/IndexEditor.csproj]
/home/justin/repos/urban-sniffle/src/index-editor/Services/KeyboardHandlers/SegmentKeyboardHandler.cs(241,35): warning CS0618: 'EditorState' is obsolete: 'Use IEditorState via dependency injection instead. This static wrapper is for backward compatibility only.' [/home/justin/repos/urban-sniffle/src/index-editor/IndexEditor.csproj]
/home/justin/repos/urban-sniffle/src/index-editor/Services/KeyboardHandlers/NavigationKeyboardHandler.cs(48,36): warning CS0618: 'EditorState' is obsolete: 'Use IEditorState via dependency injection instead. This static wrapper is for backward compatibility only.' [/home/justin/repos/urban-sniffle/src/index-editor/IndexEditor.csproj]
/home/justin/repos/urban-sniffle/src/index-editor/Services/KeyboardHandlers/NavigationKeyboardHandler.cs(49,36): warning CS0618: 'EditorState' is obsolete: 'Use IEditorState via dependency injection instead. This static wrapper is for backward compatibility only.' [/home/justin/repos/urban-sniffle/src/index-editor/IndexEditor.csproj]
/home/justin/repos/urban-sniffle/src/index-editor/Services/KeyboardHandlers/NavigationKeyboardHandler.cs(51,17): warning CS0618: 'EditorState' is obsolete: 'Use IEditorState via dependency injection instead. This static wrapper is for backward compatibility only.' [/home/justin/repos/urban-sniffle/src/index-editor/IndexEditor.csproj]
/home/justin/repos/urban-sniffle/src/index-editor/Services/KeyboardHandlers/NavigationKeyboardHandler.cs(69,13): warning CS0618: 'EditorState' is obsolete: 'Use IEditorState via dependency injection instead. This static wrapper is for backward compatibility only.' [/home/justin/repos/urban-sniffle/src/index-editor/IndexEditor.csproj]
/home/justin/repos/urban-sniffle/src/index-editor/Services/KeyboardHandlers/NavigationKeyboardHandler.cs(69,51): warning CS0618: 'EditorState' is obsolete: 'Use IEditorState via dependency injection instead. This static wrapper is for backward compatibility only.' [/home/justin/repos/urban-sniffle/src/index-editor/IndexEditor.csproj]
/home/justin/repos/urban-sniffle/src/index-editor/Services/KeyboardHandlers/NavigationKeyboardHandler.cs(70,13): warning CS0618: 'EditorState' is obsolete: 'Use IEditorState via dependency injection instead. This static wrapper is for backward compatibility only.' [/home/justin/repos/urban-sniffle/src/index-editor/IndexEditor.csproj]
/home/justin/repos/urban-sniffle/src/index-editor/Services/KeyboardHandlers/NavigationKeyboardHandler.cs(86,36): warning CS0618: 'EditorState' is obsolete: 'Use IEditorState via dependency injection instead. This static wrapper is for backward compatibility only.' [/home/justin/repos/urban-sniffle/src/index-editor/IndexEditor.csproj]
/home/justin/repos/urban-sniffle/src/index-editor/Services/KeyboardHandlers/NavigationKeyboardHandler.cs(87,36): warning CS0618: 'EditorState' is obsolete: 'Use IEditorState via dependency injection instead. This static wrapper is for backward compatibility only.' [/home/justin/repos/urban-sniffle/src/index-editor/IndexEditor.csproj]
/home/justin/repos/urban-sniffle/src/index-editor/Services/KeyboardHandlers/NavigationKeyboardHandler.cs(89,17): warning CS0618: 'EditorState' is obsolete: 'Use IEditorState via dependency injection instead. This static wrapper is for backward compatibility only.' [/home/justin/repos/urban-sniffle/src/index-editor/IndexEditor.csproj]
/home/justin/repos/urban-sniffle/src/index-editor/Services/KeyboardHandlers/NavigationKeyboardHandler.cs(107,13): warning CS0618: 'EditorState' is obsolete: 'Use IEditorState via dependency injection instead. This static wrapper is for backward compatibility only.' [/home/justin/repos/urban-sniffle/src/index-editor/IndexEditor.csproj]
/home/justin/repos/urban-sniffle/src/index-editor/Services/KeyboardHandlers/NavigationKeyboardHandler.cs(107,39): warning CS0618: 'EditorState' is obsolete: 'Use IEditorState via dependency injection instead. This static wrapper is for backward compatibility only.' [/home/justin/repos/urban-sniffle/src/index-editor/IndexEditor.csproj]
/home/justin/repos/urban-sniffle/src/index-editor/Services/KeyboardHandlers/NavigationKeyboardHandler.cs(108,13): warning CS0618: 'EditorState' is obsolete: 'Use IEditorState via dependency injection instead. This static wrapper is for backward compatibility only.' [/home/justin/repos/urban-sniffle/src/index-editor/IndexEditor.csproj]
/home/justin/repos/urban-sniffle/src/index-editor/Services/KeyboardHandlers/SegmentKeyboardHandler.cs(323,13): warning CS0618: 'EditorActions' is obsolete: 'Use IEditorActions via dependency injection instead. This static wrapper is for backward compatibility only.' [/home/justin/repos/urban-sniffle/src/index-editor/IndexEditor.csproj]
/home/justin/repos/urban-sniffle/src/index-editor/Services/KeyboardHandlers/SegmentKeyboardHandler.cs(325,19): warning CS0618: 'EditorState' is obsolete: 'Use IEditorState via dependency injection instead. This static wrapper is for backward compatibility only.' [/home/justin/repos/urban-sniffle/src/index-editor/IndexEditor.csproj]
/home/justin/repos/urban-sniffle/src/index-editor/Services/KeyboardHandlers/FileKeyboardHandler.cs(127,38): warning CS0618: 'EditorState' is obsolete: 'Use IEditorState via dependency injection instead. This static wrapper is for backward compatibility only.' [/home/justin/repos/urban-sniffle/src/index-editor/IndexEditor.csproj]
/home/justin/repos/urban-sniffle/src/index-editor/Services/KeyboardHandlers/FileKeyboardHandler.cs(154,26): warning CS0618: 'EditorState' is obsolete: 'Use IEditorState via dependency injection instead. This static wrapper is for backward compatibility only.' [/home/justin/repos/urban-sniffle/src/index-editor/IndexEditor.csproj]
/home/justin/repos/urban-sniffle/src/index-editor/Services/KeyboardHandlers/FileKeyboardHandler.cs(163,30): warning CS0618: 'EditorState' is obsolete: 'Use IEditorState via dependency injection instead. This static wrapper is for backward compatibility only.' [/home/justin/repos/urban-sniffle/src/index-editor/IndexEditor.csproj]
/home/justin/repos/urban-sniffle/src/index-editor/Services/KeyboardHandlers/FileKeyboardHandler.cs(194,26): warning CS0618: 'EditorState' is obsolete: 'Use IEditorState via dependency injection instead. This static wrapper is for backward compatibility only.' [/home/justin/repos/urban-sniffle/src/index-editor/IndexEditor.csproj]
/home/justin/repos/urban-sniffle/src/index-editor/Services/KeyboardHandlers/ArticleKeyboardHandler.cs(139,17): warning CS0618: 'EditorState' is obsolete: 'Use IEditorState via dependency injection instead. This static wrapper is for backward compatibility only.' [/home/justin/repos/urban-sniffle/src/index-editor/IndexEditor.csproj]
/home/justin/repos/urban-sniffle/src/index-editor/Services/KeyboardHandlers/ArticleKeyboardHandler.cs(145,49): warning CS0618: 'EditorState' is obsolete: 'Use IEditorState via dependency injection instead. This static wrapper is for backward compatibility only.' [/home/justin/repos/urban-sniffle/src/index-editor/IndexEditor.csproj]
/home/justin/repos/urban-sniffle/src/index-editor/Services/KeyboardHandlers/ArticleKeyboardHandler.cs(162,35): warning CS0618: 'EditorState' is obsolete: 'Use IEditorState via dependency injection instead. This static wrapper is for backward compatibility only.' [/home/justin/repos/urban-sniffle/src/index-editor/IndexEditor.csproj]
/home/justin/repos/urban-sniffle/src/index-editor/Services/KeyboardHandlers/ArticleKeyboardHandler.cs(164,41): warning CS0618: 'EditorState' is obsolete: 'Use IEditorState via dependency injection instead. This static wrapper is for backward compatibility only.' [/home/justin/repos/urban-sniffle/src/index-editor/IndexEditor.csproj]
/home/justin/repos/urban-sniffle/src/index-editor/Services/KeyboardHandlers/ArticleKeyboardHandler.cs(170,84): warning CS0618: 'EditorState' is obsolete: 'Use IEditorState via dependency injection instead. This static wrapper is for backward compatibility only.' [/home/justin/repos/urban-sniffle/src/index-editor/IndexEditor.csproj]
/home/justin/repos/urban-sniffle/src/index-editor/Services/KeyboardHandlers/ArticleKeyboardHandler.cs(196,33): warning CS0618: 'EditorState' is obsolete: 'Use IEditorState via dependency injection instead. This static wrapper is for backward compatibility only.' [/home/justin/repos/urban-sniffle/src/index-editor/IndexEditor.csproj]
/home/justin/repos/urban-sniffle/src/index-editor/Services/KeyboardHandlers/ArticleKeyboardHandler.cs(197,37): warning CS0618: 'EditorState' is obsolete: 'Use IEditorState via dependency injection instead. This static wrapper is for backward compatibility only.' [/home/justin/repos/urban-sniffle/src/index-editor/IndexEditor.csproj]
/home/justin/repos/urban-sniffle/src/index-editor/Services/KeyboardHandlers/ArticleKeyboardHandler.cs(227,27): warning CS0618: 'EditorState' is obsolete: 'Use IEditorState via dependency injection instead. This static wrapper is for backward compatibility only.' [/home/justin/repos/urban-sniffle/src/index-editor/IndexEditor.csproj]
/home/justin/repos/urban-sniffle/src/index-editor/Services/KeyboardHandlers/ArticleKeyboardHandler.cs(234,42): warning CS0618: 'EditorState' is obsolete: 'Use IEditorState via dependency injection instead. This static wrapper is for backward compatibility only.' [/home/justin/repos/urban-sniffle/src/index-editor/IndexEditor.csproj]
/home/justin/repos/urban-sniffle/src/index-editor/Services/KeyboardHandlers/ArticleKeyboardHandler.cs(242,29): warning CS0618: 'EditorState' is obsolete: 'Use IEditorState via dependency injection instead. This static wrapper is for backward compatibility only.' [/home/justin/repos/urban-sniffle/src/index-editor/IndexEditor.csproj]
/home/justin/repos/urban-sniffle/src/index-editor/Services/KeyboardHandlers/ArticleKeyboardHandler.cs(246,29): warning CS0618: 'EditorState' is obsolete: 'Use IEditorState via dependency injection instead. This static wrapper is for backward compatibility only.' [/home/justin/repos/urban-sniffle/src/index-editor/IndexEditor.csproj]
/home/justin/repos/urban-sniffle/src/index-editor/Services/KeyboardHandlers/ArticleKeyboardHandler.cs(249,25): warning CS0618: 'EditorState' is obsolete: 'Use IEditorState via dependency injection instead. This static wrapper is for backward compatibility only.' [/home/justin/repos/urban-sniffle/src/index-editor/IndexEditor.csproj]
/home/justin/repos/urban-sniffle/src/index-editor/Services/KeyboardHandlers/ArticleKeyboardHandler.cs(272,17): warning CS0618: 'EditorState' is obsolete: 'Use IEditorState via dependency injection instead. This static wrapper is for backward compatibility only.' [/home/justin/repos/urban-sniffle/src/index-editor/IndexEditor.csproj]
/home/justin/repos/urban-sniffle/src/index-editor/Services/KeyboardHandlers/ArticleKeyboardHandler.cs(279,54): warning CS0618: 'EditorState' is obsolete: 'Use IEditorState via dependency injection instead. This static wrapper is for backward compatibility only.' [/home/justin/repos/urban-sniffle/src/index-editor/IndexEditor.csproj]
/home/justin/repos/urban-sniffle/src/index-editor/Services/KeyboardHandlers/ArticleKeyboardHandler.cs(294,22): warning CS0618: 'EditorState' is obsolete: 'Use IEditorState via dependency injection instead. This static wrapper is for backward compatibility only.' [/home/justin/repos/urban-sniffle/src/index-editor/IndexEditor.csproj]
/home/justin/repos/urban-sniffle/src/index-editor/Services/KeyboardHandlers/ArticleKeyboardHandler.cs(296,49): warning CS0618: 'EditorState' is obsolete: 'Use IEditorState via dependency injection instead. This static wrapper is for backward compatibility only.' [/home/justin/repos/urban-sniffle/src/index-editor/IndexEditor.csproj]
/home/justin/repos/urban-sniffle/src/index-editor/Services/KeyboardHandlers/ArticleKeyboardHandler.cs(303,57): warning CS0618: 'EditorState' is obsolete: 'Use IEditorState via dependency injection instead. This static wrapper is for backward compatibility only.' [/home/justin/repos/urban-sniffle/src/index-editor/IndexEditor.csproj]
/home/justin/repos/urban-sniffle/src/index-editor/Services/KeyboardHandlers/ArticleKeyboardHandler.cs(333,17): warning CS0618: 'EditorState' is obsolete: 'Use IEditorState via dependency injection instead. This static wrapper is for backward compatibility only.' [/home/justin/repos/urban-sniffle/src/index-editor/IndexEditor.csproj]
/home/justin/repos/urban-sniffle/src/index-editor/Services/KeyboardHandlers/ArticleKeyboardHandler.cs(340,54): warning CS0618: 'EditorState' is obsolete: 'Use IEditorState via dependency injection instead. This static wrapper is for backward compatibility only.' [/home/justin/repos/urban-sniffle/src/index-editor/IndexEditor.csproj]
/home/justin/repos/urban-sniffle/src/index-editor/Services/KeyboardHandlers/ArticleKeyboardHandler.cs(355,22): warning CS0618: 'EditorState' is obsolete: 'Use IEditorState via dependency injection instead. This static wrapper is for backward compatibility only.' [/home/justin/repos/urban-sniffle/src/index-editor/IndexEditor.csproj]
/home/justin/repos/urban-sniffle/src/index-editor/Services/KeyboardHandlers/ArticleKeyboardHandler.cs(357,49): warning CS0618: 'EditorState' is obsolete: 'Use IEditorState via dependency injection instead. This static wrapper is for backward compatibility only.' [/home/justin/repos/urban-sniffle/src/index-editor/IndexEditor.csproj]
/home/justin/repos/urban-sniffle/src/index-editor/Services/KeyboardHandlers/ArticleKeyboardHandler.cs(364,57): warning CS0618: 'EditorState' is obsolete: 'Use IEditorState via dependency injection instead. This static wrapper is for backward compatibility only.' [/home/justin/repos/urban-sniffle/src/index-editor/IndexEditor.csproj]
/home/justin/repos/urban-sniffle/src/index-editor/Services/KeyboardHandlers/ArticleKeyboardHandler.cs(407,17): warning CS0618: 'EditorState' is obsolete: 'Use IEditorState via dependency injection instead. This static wrapper is for backward compatibility only.' [/home/justin/repos/urban-sniffle/src/index-editor/IndexEditor.csproj]
/home/justin/repos/urban-sniffle/src/index-editor/Services/KeyboardHandlers/ArticleKeyboardHandler.cs(413,34): warning CS0618: 'EditorState' is obsolete: 'Use IEditorState via dependency injection instead. This static wrapper is for backward compatibility only.' [/home/justin/repos/urban-sniffle/src/index-editor/IndexEditor.csproj]
/home/justin/repos/urban-sniffle/src/index-editor/Services/KeyboardHandlers/ArticleKeyboardHandler.cs(419,25): warning CS0618: 'EditorState' is obsolete: 'Use IEditorState via dependency injection instead. This static wrapper is for backward compatibility only.' [/home/justin/repos/urban-sniffle/src/index-editor/IndexEditor.csproj]
/home/justin/repos/urban-sniffle/src/index-editor/Services/KeyboardHandlers/ArticleKeyboardHandler.cs(423,25): warning CS0618: 'EditorState' is obsolete: 'Use IEditorState via dependency injection instead. This static wrapper is for backward compatibility only.' [/home/justin/repos/urban-sniffle/src/index-editor/IndexEditor.csproj]
/home/justin/repos/urban-sniffle/src/index-editor/Services/KeyboardHandlers/ArticleKeyboardHandler.cs(427,17): warning CS0618: 'EditorState' is obsolete: 'Use IEditorState via dependency injection instead. This static wrapper is for backward compatibility only.' [/home/justin/repos/urban-sniffle/src/index-editor/IndexEditor.csproj]
/home/justin/repos/urban-sniffle/src/index-editor/Views/PageControllerView.axaml.cs(275,24): warning CS8603: Possible null reference return. [/home/justin/repos/urban-sniffle/src/index-editor/IndexEditor.csproj]
/home/justin/repos/urban-sniffle/src/index-editor/Views/EditorStateViewModel.cs(316,44): warning CS1998: This async method lacks 'await' operators and will run synchronously. Consider using the 'await' operator to await non-blocking API calls, or 'await Task.Run(...)' to do CPU-bound work on a background thread. [/home/justin/repos/urban-sniffle/src/index-editor/IndexEditor.csproj]
/home/justin/repos/urban-sniffle/src/index-editor/MainWindow.axaml.cs(47,58): warning CS0169: The field 'MainWindow._shortcutService' is never used [/home/justin/repos/urban-sniffle/src/index-editor/IndexEditor.csproj]
/home/justin/repos/urban-sniffle/src/index-editor/Shared/WindowStateStore.cs(41,26): warning IL2026: Using member 'System.Text.Json.JsonSerializer.Deserialize<TValue>(String, JsonSerializerOptions)' which has 'RequiresUnreferencedCodeAttribute' can break functionality when trimming application code. JSON serialization and deserialization might require types that cannot be statically analyzed. Use the overload that takes a JsonTypeInfo or JsonSerializerContext, or make sure all of the required types are preserved. [/home/justin/repos/urban-sniffle/src/index-editor/IndexEditor.csproj]
/home/justin/repos/urban-sniffle/src/index-editor/Shared/WindowStateStore.cs(58,27): warning IL2026: Using member 'System.Text.Json.JsonSerializer.Serialize<TValue>(TValue, JsonSerializerOptions)' which has 'RequiresUnreferencedCodeAttribute' can break functionality when trimming application code. JSON serialization and deserialization might require types that cannot be statically analyzed. Use the overload that takes a JsonTypeInfo or JsonSerializerContext, or make sure all of the required types are preserved. [/home/justin/repos/urban-sniffle/src/index-editor/IndexEditor.csproj]
/home/justin/repos/urban-sniffle/src/index-editor/Shared/FolderPicker.cs(98,60): warning IL2072: 'type' argument does not satisfy 'DynamicallyAccessedMemberTypes.PublicParameterlessConstructor' in call to 'System.Activator.CreateInstance(Type)'. The return value of method 'System.Reflection.ParameterInfo.ParameterType.get' does not have matching annotations. The source value must declare at least the same requirements as those declared on the target location it is assigned to. [/home/justin/repos/urban-sniffle/src/index-editor/IndexEditor.csproj]
/home/justin/repos/urban-sniffle/src/index-editor/Shared/FolderPicker.cs(102,64): warning IL2075: 'this' argument does not satisfy 'DynamicallyAccessedMemberTypes.PublicProperties' in call to 'System.Type.GetProperty(String)'. The return value of method 'System.Reflection.ParameterInfo.ParameterType.get' does not have matching annotations. The source value must declare at least the same requirements as those declared on the target location it is assigned to. [/home/justin/repos/urban-sniffle/src/index-editor/IndexEditor.csproj]
/home/justin/repos/urban-sniffle/src/index-editor/Shared/FolderPicker.cs(167,64): warning IL2075: 'this' argument does not satisfy 'DynamicallyAccessedMemberTypes.PublicProperties' in call to 'System.Type.GetProperty(String)'. The return value of method 'System.Reflection.ParameterInfo.ParameterType.get' does not have matching annotations. The source value must declare at least the same requirements as those declared on the target location it is assigned to. [/home/justin/repos/urban-sniffle/src/index-editor/IndexEditor.csproj]
/home/justin/repos/urban-sniffle/src/index-editor/Shared/FolderPicker.cs(167,106): warning IL2075: 'this' argument does not satisfy 'DynamicallyAccessedMemberTypes.PublicProperties' in call to 'System.Type.GetProperty(String)'. The return value of method 'System.Reflection.ParameterInfo.ParameterType.get' does not have matching annotations. The source value must declare at least the same requirements as those declared on the target location it is assigned to. [/home/justin/repos/urban-sniffle/src/index-editor/IndexEditor.csproj]
/home/justin/repos/urban-sniffle/src/index-editor/Shared/FolderPicker.cs(167,140): warning IL2075: 'this' argument does not satisfy 'DynamicallyAccessedMemberTypes.PublicProperties' in call to 'System.Type.GetProperty(String)'. The return value of method 'System.Reflection.ParameterInfo.ParameterType.get' does not have matching annotations. The source value must declare at least the same requirements as those declared on the target location it is assigned to. [/home/justin/repos/urban-sniffle/src/index-editor/IndexEditor.csproj]
/home/justin/repos/urban-sniffle/src/index-editor/Shared/FolderPicker.cs(167,181): warning IL2075: 'this' argument does not satisfy 'DynamicallyAccessedMemberTypes.PublicProperties' in call to 'System.Type.GetProperty(String)'. The return value of method 'System.Reflection.ParameterInfo.ParameterType.get' does not have matching annotations. The source value must declare at least the same requirements as those declared on the target location it is assigned to. [/home/justin/repos/urban-sniffle/src/index-editor/IndexEditor.csproj]
/home/justin/repos/urban-sniffle/src/index-editor/Shared/FolderPicker.cs(167,215): warning IL2075: 'this' argument does not satisfy 'DynamicallyAccessedMemberTypes.PublicProperties' in call to 'System.Type.GetProperty(String)'. The return value of method 'System.Reflection.ParameterInfo.ParameterType.get' does not have matching annotations. The source value must declare at least the same requirements as those declared on the target location it is assigned to. [/home/justin/repos/urban-sniffle/src/index-editor/IndexEditor.csproj]
  IndexEditor -> /home/justin/repos/urban-sniffle/src/index-editor/bin/Release/net8.0/linux-x64/IndexEditor.dll
  Optimizing assemblies for size. This process might take a while.
ILLink : Trim analysis warning IL2026: Avalonia.Data.Converters.MethodToCommandConverter.CanExecuteChanged: Using member 'Avalonia.Data.Converters.MethodToCommandConverter.CanExecuteChanged.remove' which has 'RequiresUnreferencedCodeAttribute' can break functionality when trimming application code. BindingExpression and ReflectionBinding heavily use reflection. Consider using CompiledBindings instead. [/home/justin/repos/urban-sniffle/src/index-editor/IndexEditor.csproj]
ILLink : Trim analysis warning IL2026: Avalonia.Data.Converters.MethodToCommandConverter.CanExecuteChanged: Using member 'Avalonia.Data.Converters.MethodToCommandConverter.CanExecuteChanged.add' which has 'RequiresUnreferencedCodeAttribute' can break functionality when trimming application code. BindingExpression and ReflectionBinding heavily use reflection. Consider using CompiledBindings instead. [/home/justin/repos/urban-sniffle/src/index-editor/IndexEditor.csproj]
/home/justin/repos/urban-sniffle/src/index-editor/Shared/FolderPicker.cs(55,21): Trim analysis warning IL2075: IndexEditor.Shared.FolderPicker.<PickFolderAsync>d__0.MoveNext(): 'this' argument does not satisfy 'DynamicallyAccessedMemberTypes.PublicProperties', 'DynamicallyAccessedMemberTypes.NonPublicProperties' in call to 'System.Type.GetProperty(String, BindingFlags)'. The return value of method 'System.Object.GetType()' does not have matching annotations. The source value must declare at least the same requirements as those declared on the target location it is assigned to. [/home/justin/repos/urban-sniffle/src/index-editor/IndexEditor.csproj]
/home/justin/repos/urban-sniffle/src/index-editor/Shared/FolderPicker.cs(62,29): Trim analysis warning IL2075: IndexEditor.Shared.FolderPicker.<PickFolderAsync>d__0.MoveNext(): 'this' argument does not satisfy 'DynamicallyAccessedMemberTypes.PublicMethods' in call to 'System.Type.GetMethod(String)'. The return value of method 'System.Object.GetType()' does not have matching annotations. The source value must declare at least the same requirements as those declared on the target location it is assigned to. [/home/justin/repos/urban-sniffle/src/index-editor/IndexEditor.csproj]
/home/justin/repos/urban-sniffle/src/index-editor/Shared/FolderPicker.cs(62,29): Trim analysis warning IL2075: IndexEditor.Shared.FolderPicker.<PickFolderAsync>d__0.MoveNext(): 'this' argument does not satisfy 'DynamicallyAccessedMemberTypes.PublicMethods' in call to 'System.Type.GetMethod(String)'. The return value of method 'System.Object.GetType()' does not have matching annotations. The source value must declare at least the same requirements as those declared on the target location it is assigned to. [/home/justin/repos/urban-sniffle/src/index-editor/IndexEditor.csproj]
/home/justin/repos/urban-sniffle/src/index-editor/Shared/FolderPicker.cs(98,49): Trim analysis warning IL2072: IndexEditor.Shared.FolderPicker.<PickFolderAsync>d__0.MoveNext(): 'type' argument does not satisfy 'DynamicallyAccessedMemberTypes.PublicParameterlessConstructor' in call to 'System.Activator.CreateInstance(Type)'. The return value of method 'System.Reflection.ParameterInfo.ParameterType.get' does not have matching annotations. The source value must declare at least the same requirements as those declared on the target location it is assigned to. [/home/justin/repos/urban-sniffle/src/index-editor/IndexEditor.csproj]
/home/justin/repos/urban-sniffle/src/index-editor/Shared/FolderPicker.cs(102,53): Trim analysis warning IL2075: IndexEditor.Shared.FolderPicker.<PickFolderAsync>d__0.MoveNext(): 'this' argument does not satisfy 'DynamicallyAccessedMemberTypes.PublicProperties' in call to 'System.Type.GetProperty(String)'. The return value of method 'System.Reflection.ParameterInfo.ParameterType.get' does not have matching annotations. The source value must declare at least the same requirements as those declared on the target location it is assigned to. [/home/justin/repos/urban-sniffle/src/index-editor/IndexEditor.csproj]
/home/justin/repos/urban-sniffle/src/index-editor/Shared/FolderPicker.cs(111,65): Trim analysis warning IL2075: IndexEditor.Shared.FolderPicker.<PickFolderAsync>d__0.MoveNext(): 'this' argument does not satisfy 'DynamicallyAccessedMemberTypes.PublicMethods' in call to 'System.Type.GetMethod(String)'. The return value of method 'System.Object.GetType()' does not have matching annotations. The source value must declare at least the same requirements as those declared on the target location it is assigned to. [/home/justin/repos/urban-sniffle/src/index-editor/IndexEditor.csproj]
/home/justin/repos/urban-sniffle/src/index-editor/Shared/FolderPicker.cs(167,57): Trim analysis warning IL2075: IndexEditor.Shared.FolderPicker.<PickFolderAsync>d__0.MoveNext(): 'this' argument does not satisfy 'DynamicallyAccessedMemberTypes.PublicProperties' in call to 'System.Type.GetProperty(String)'. The return value of method 'System.Reflection.ParameterInfo.ParameterType.get' does not have matching annotations. The source value must declare at least the same requirements as those declared on the target location it is assigned to. [/home/justin/repos/urban-sniffle/src/index-editor/IndexEditor.csproj]
/home/justin/repos/urban-sniffle/src/index-editor/Shared/FolderPicker.cs(167,57): Trim analysis warning IL2075: IndexEditor.Shared.FolderPicker.<PickFolderAsync>d__0.MoveNext(): 'this' argument does not satisfy 'DynamicallyAccessedMemberTypes.PublicProperties' in call to 'System.Type.GetProperty(String)'. The return value of method 'System.Reflection.ParameterInfo.ParameterType.get' does not have matching annotations. The source value must declare at least the same requirements as those declared on the target location it is assigned to. [/home/justin/repos/urban-sniffle/src/index-editor/IndexEditor.csproj]
/home/justin/repos/urban-sniffle/src/index-editor/Shared/FolderPicker.cs(167,57): Trim analysis warning IL2075: IndexEditor.Shared.FolderPicker.<PickFolderAsync>d__0.MoveNext(): 'this' argument does not satisfy 'DynamicallyAccessedMemberTypes.PublicProperties' in call to 'System.Type.GetProperty(String)'. The return value of method 'System.Reflection.ParameterInfo.ParameterType.get' does not have matching annotations. The source value must declare at least the same requirements as those declared on the target location it is assigned to. [/home/justin/repos/urban-sniffle/src/index-editor/IndexEditor.csproj]
/home/justin/repos/urban-sniffle/src/index-editor/Shared/FolderPicker.cs(167,57): Trim analysis warning IL2075: IndexEditor.Shared.FolderPicker.<PickFolderAsync>d__0.MoveNext(): 'this' argument does not satisfy 'DynamicallyAccessedMemberTypes.PublicProperties' in call to 'System.Type.GetProperty(String)'. The return value of method 'System.Reflection.ParameterInfo.ParameterType.get' does not have matching annotations. The source value must declare at least the same requirements as those declared on the target location it is assigned to. [/home/justin/repos/urban-sniffle/src/index-editor/IndexEditor.csproj]
/home/justin/repos/urban-sniffle/src/index-editor/Shared/FolderPicker.cs(167,57): Trim analysis warning IL2075: IndexEditor.Shared.FolderPicker.<PickFolderAsync>d__0.MoveNext(): 'this' argument does not satisfy 'DynamicallyAccessedMemberTypes.PublicProperties' in call to 'System.Type.GetProperty(String)'. The return value of method 'System.Reflection.ParameterInfo.ParameterType.get' does not have matching annotations. The source value must declare at least the same requirements as those declared on the target location it is assigned to. [/home/justin/repos/urban-sniffle/src/index-editor/IndexEditor.csproj]
/home/justin/repos/urban-sniffle/src/index-editor/Shared/FolderPicker.cs(341,17): Trim analysis warning IL2075: IndexEditor.Shared.FolderPicker.<UnwrapTaskResult>d__2.MoveNext(): 'this' argument does not satisfy 'DynamicallyAccessedMemberTypes.PublicProperties' in call to 'System.Type.GetProperty(String)'. The return value of method 'System.Object.GetType()' does not have matching annotations. The source value must declare at least the same requirements as those declared on the target location it is assigned to. [/home/justin/repos/urban-sniffle/src/index-editor/IndexEditor.csproj]
/home/justin/repos/urban-sniffle/src/index-editor/Views/ArticleEditor.axaml(30,52): Trim analysis warning IL2026: IndexEditor.Views.ArticleEditor.!XamlIlPopulate(IServiceProvider, ArticleEditor): Using member 'Avalonia.Markup.Xaml.MarkupExtensions.ReflectionBindingExtension.ReflectionBindingExtension(String)' which has 'RequiresUnreferencedCodeAttribute' can break functionality when trimming application code. BindingExpression and ReflectionBinding heavily use reflection. Consider using CompiledBindings instead. [/home/justin/repos/urban-sniffle/src/index-editor/IndexEditor.csproj]
/home/justin/repos/urban-sniffle/src/index-editor/Views/ArticleEditor.axaml(95,83): Trim analysis warning IL2026: IndexEditor.Views.ArticleEditor.!XamlIlPopulate(IServiceProvider, ArticleEditor): Using member 'Avalonia.Markup.Xaml.MarkupExtensions.ReflectionBindingExtension.ReflectionBindingExtension(String)' which has 'RequiresUnreferencedCodeAttribute' can break functionality when trimming application code. BindingExpression and ReflectionBinding heavily use reflection. Consider using CompiledBindings instead. [/home/justin/repos/urban-sniffle/src/index-editor/IndexEditor.csproj]
/home/justin/repos/urban-sniffle/src/index-editor/Views/ArticleEditor.axaml(96,28): Trim analysis warning IL2026: IndexEditor.Views.ArticleEditor.!XamlIlPopulate(IServiceProvider, ArticleEditor): Using member 'Avalonia.Markup.Xaml.MarkupExtensions.ReflectionBindingExtension.ReflectionBindingExtension(String)' which has 'RequiresUnreferencedCodeAttribute' can break functionality when trimming application code. BindingExpression and ReflectionBinding heavily use reflection. Consider using CompiledBindings instead. [/home/justin/repos/urban-sniffle/src/index-editor/IndexEditor.csproj]
/home/justin/repos/urban-sniffle/src/index-editor/Views/ArticleList.axaml(22,18): Trim analysis warning IL2026: IndexEditor.Views.ArticleList.!XamlIlPopulate(IServiceProvider, ArticleList): Using member 'Avalonia.Markup.Xaml.MarkupExtensions.ReflectionBindingExtension.ReflectionBindingExtension(String)' which has 'RequiresUnreferencedCodeAttribute' can break functionality when trimming application code. BindingExpression and ReflectionBinding heavily use reflection. Consider using CompiledBindings instead. [/home/justin/repos/urban-sniffle/src/index-editor/IndexEditor.csproj]
/home/justin/repos/urban-sniffle/src/index-editor/Views/ArticleList.axaml(23,18): Trim analysis warning IL2026: IndexEditor.Views.ArticleList.!XamlIlPopulate(IServiceProvider, ArticleList): Using member 'Avalonia.Markup.Xaml.MarkupExtensions.ReflectionBindingExtension.ReflectionBindingExtension(String)' which has 'RequiresUnreferencedCodeAttribute' can break functionality when trimming application code. BindingExpression and ReflectionBinding heavily use reflection. Consider using CompiledBindings instead. [/home/justin/repos/urban-sniffle/src/index-editor/IndexEditor.csproj]
/home/justin/repos/urban-sniffle/src/index-editor/Shared/FolderPicker.cs(262,13): Trim analysis warning IL2075: IndexEditor.Shared.FolderPicker.ExtractPathFromStorageItem(Object): 'this' argument does not satisfy 'DynamicallyAccessedMemberTypes.PublicProperties' in call to 'System.Type.GetProperties()'. The return value of method 'System.Object.GetType()' does not have matching annotations. The source value must declare at least the same requirements as those declared on the target location it is assigned to. [/home/justin/repos/urban-sniffle/src/index-editor/IndexEditor.csproj]
/home/justin/repos/urban-sniffle/src/index-editor/Shared/FolderPicker.cs(266,13): Trim analysis warning IL2075: IndexEditor.Shared.FolderPicker.ExtractPathFromStorageItem(Object): 'this' argument does not satisfy 'DynamicallyAccessedMemberTypes.PublicMethods' in call to 'System.Type.GetMethod(String)'. The return value of method 'System.Object.GetType()' does not have matching annotations. The source value must declare at least the same requirements as those declared on the target location it is assigned to. [/home/justin/repos/urban-sniffle/src/index-editor/IndexEditor.csproj]
/home/justin/repos/urban-sniffle/src/index-editor/Shared/FolderPicker.cs(266,13): Trim analysis warning IL2075: IndexEditor.Shared.FolderPicker.ExtractPathFromStorageItem(Object): 'this' argument does not satisfy 'DynamicallyAccessedMemberTypes.PublicMethods' in call to 'System.Type.GetMethod(String)'. The return value of method 'System.Object.GetType()' does not have matching annotations. The source value must declare at least the same requirements as those declared on the target location it is assigned to. [/home/justin/repos/urban-sniffle/src/index-editor/IndexEditor.csproj]
/home/justin/repos/urban-sniffle/src/index-editor/Shared/FolderPicker.cs(290,13): Trim analysis warning IL2075: IndexEditor.Shared.FolderPicker.ExtractPathFromStorageItem(Object): 'this' argument does not satisfy 'DynamicallyAccessedMemberTypes.PublicProperties' in call to 'System.Type.GetProperty(String)'. The return value of method 'System.Object.GetType()' does not have matching annotations. The source value must declare at least the same requirements as those declared on the target location it is assigned to. [/home/justin/repos/urban-sniffle/src/index-editor/IndexEditor.csproj]
/home/justin/repos/urban-sniffle/src/index-editor/Shared/FolderPicker.cs(319,13): Trim analysis warning IL2075: IndexEditor.Shared.FolderPicker.ExtractPathFromStorageItem(Object): 'this' argument does not satisfy 'DynamicallyAccessedMemberTypes.PublicProperties' in call to 'System.Type.GetProperty(String)'. The return value of method 'System.Object.GetType()' does not have matching annotations. The source value must declare at least the same requirements as those declared on the target location it is assigned to. [/home/justin/repos/urban-sniffle/src/index-editor/IndexEditor.csproj]
/home/justin/repos/urban-sniffle/src/index-editor/Shared/FolderPicker.cs(319,13): Trim analysis warning IL2075: IndexEditor.Shared.FolderPicker.ExtractPathFromStorageItem(Object): 'this' argument does not satisfy 'DynamicallyAccessedMemberTypes.PublicProperties' in call to 'System.Type.GetProperty(String)'. The return value of method 'System.Object.GetType()' does not have matching annotations. The source value must declare at least the same requirements as those declared on the target location it is assigned to. [/home/justin/repos/urban-sniffle/src/index-editor/IndexEditor.csproj]
/home/justin/repos/urban-sniffle/src/index-editor/Shared/FolderPicker.cs(319,13): Trim analysis warning IL2075: IndexEditor.Shared.FolderPicker.ExtractPathFromStorageItem(Object): 'this' argument does not satisfy 'DynamicallyAccessedMemberTypes.PublicProperties' in call to 'System.Type.GetProperty(String)'. The return value of method 'System.Object.GetType()' does not have matching annotations. The source value must declare at least the same requirements as those declared on the target location it is assigned to. [/home/justin/repos/urban-sniffle/src/index-editor/IndexEditor.csproj]
/home/justin/repos/urban-sniffle/src/index-editor/MainWindow.axaml(24,56): Trim analysis warning IL2026: IndexEditor.MainWindow.!XamlIlPopulate(IServiceProvider, MainWindow): Using member 'Avalonia.Markup.Xaml.MarkupExtensions.ReflectionBindingExtension.ReflectionBindingExtension()' which has 'RequiresUnreferencedCodeAttribute' can break functionality when trimming application code. BindingExpression and ReflectionBinding heavily use reflection. Consider using CompiledBindings instead. [/home/justin/repos/urban-sniffle/src/index-editor/IndexEditor.csproj]
/home/justin/repos/urban-sniffle/src/index-editor/Views/PageControllerView.axaml(30,32): Trim analysis warning IL2026: IndexEditor.Views.PageControllerView.!XamlIlPopulate(IServiceProvider, PageControllerView): Using member 'Avalonia.Markup.Xaml.MarkupExtensions.ReflectionBindingExtension.ReflectionBindingExtension()' which has 'RequiresUnreferencedCodeAttribute' can break functionality when trimming application code. BindingExpression and ReflectionBinding heavily use reflection. Consider using CompiledBindings instead. [/home/justin/repos/urban-sniffle/src/index-editor/IndexEditor.csproj]
/home/justin/repos/urban-sniffle/src/index-editor/Shared/WindowStateStore.cs(41,17): Trim analysis warning IL2026: IndexEditor.Shared.WindowStateStore.GetWindowState(): Using member 'System.Text.Json.JsonSerializer.Deserialize<TValue>(String, JsonSerializerOptions)' which has 'RequiresUnreferencedCodeAttribute' can break functionality when trimming application code. JSON serialization and deserialization might require types that cannot be statically analyzed. Use the overload that takes a JsonTypeInfo or JsonSerializerContext, or make sure all of the required types are preserved. [/home/justin/repos/urban-sniffle/src/index-editor/IndexEditor.csproj]
/home/justin/repos/urban-sniffle/src/index-editor/Shared/WindowStateStore.cs(58,17): Trim analysis warning IL2026: IndexEditor.Shared.WindowStateStore.SetWindowState(Double, Double, Boolean): Using member 'System.Text.Json.JsonSerializer.Serialize<TValue>(TValue, JsonSerializerOptions)' which has 'RequiresUnreferencedCodeAttribute' can break functionality when trimming application code. JSON serialization and deserialization might require types that cannot be statically analyzed. Use the overload that takes a JsonTypeInfo or JsonSerializerContext, or make sure all of the required types are preserved. [/home/justin/repos/urban-sniffle/src/index-editor/IndexEditor.csproj]
/home/justin/repos/urban-sniffle/src/index-editor/MainWindow.axaml(28,80): Trim analysis warning IL2026: IndexEditor.MainWindow.XamlClosure_2.Build_2(IServiceProvider): Using member 'Avalonia.Markup.Xaml.MarkupExtensions.ReflectionBindingExtension.ReflectionBindingExtension(String)' which has 'RequiresUnreferencedCodeAttribute' can break functionality when trimming application code. BindingExpression and ReflectionBinding heavily use reflection. Consider using CompiledBindings instead. [/home/justin/repos/urban-sniffle/src/index-editor/IndexEditor.csproj]
/home/justin/repos/urban-sniffle/src/index-editor/MainWindow.axaml(29,67): Trim analysis warning IL2026: IndexEditor.MainWindow.XamlClosure_2.Build_2(IServiceProvider): Using member 'Avalonia.Markup.Xaml.MarkupExtensions.ReflectionBindingExtension.ReflectionBindingExtension(String)' which has 'RequiresUnreferencedCodeAttribute' can break functionality when trimming application code. BindingExpression and ReflectionBinding heavily use reflection. Consider using CompiledBindings instead. [/home/justin/repos/urban-sniffle/src/index-editor/IndexEditor.csproj]
/home/justin/repos/urban-sniffle/src/index-editor/Views/ArticleEditor.axaml(33,33): Trim analysis warning IL2026: IndexEditor.Views.ArticleEditor.XamlClosure_3.Build_13(IServiceProvider): Using member 'Avalonia.Markup.Xaml.MarkupExtensions.ReflectionBindingExtension.ReflectionBindingExtension(String)' which has 'RequiresUnreferencedCodeAttribute' can break functionality when trimming application code. BindingExpression and ReflectionBinding heavily use reflection. Consider using CompiledBindings instead. [/home/justin/repos/urban-sniffle/src/index-editor/IndexEditor.csproj]
/home/justin/repos/urban-sniffle/src/index-editor/Views/ArticleEditor.axaml(38,66): Trim analysis warning IL2026: IndexEditor.Views.ArticleEditor.XamlClosure_3.Build_13(IServiceProvider): Using member 'Avalonia.Markup.Xaml.MarkupExtensions.ReflectionBindingExtension.ReflectionBindingExtension(String)' which has 'RequiresUnreferencedCodeAttribute' can break functionality when trimming application code. BindingExpression and ReflectionBinding heavily use reflection. Consider using CompiledBindings instead. [/home/justin/repos/urban-sniffle/src/index-editor/IndexEditor.csproj]
/home/justin/repos/urban-sniffle/src/index-editor/Views/ArticleEditor.axaml(45,75): Trim analysis warning IL2026: IndexEditor.Views.ArticleEditor.XamlClosure_3.Build_13(IServiceProvider): Using member 'Avalonia.Markup.Xaml.MarkupExtensions.ReflectionBindingExtension.ReflectionBindingExtension(String)' which has 'RequiresUnreferencedCodeAttribute' can break functionality when trimming application code. BindingExpression and ReflectionBinding heavily use reflection. Consider using CompiledBindings instead. [/home/justin/repos/urban-sniffle/src/index-editor/IndexEditor.csproj]
/home/justin/repos/urban-sniffle/src/index-editor/Views/ArticleEditor.axaml(46,51): Trim analysis warning IL2026: IndexEditor.Views.ArticleEditor.XamlClosure_3.Build_13(IServiceProvider): Using member 'Avalonia.Markup.Xaml.MarkupExtensions.ReflectionBindingExtension.ReflectionBindingExtension(String)' which has 'RequiresUnreferencedCodeAttribute' can break functionality when trimming application code. BindingExpression and ReflectionBinding heavily use reflection. Consider using CompiledBindings instead. [/home/justin/repos/urban-sniffle/src/index-editor/IndexEditor.csproj]
/home/justin/repos/urban-sniffle/src/index-editor/Views/ArticleEditor.axaml(48,51): Trim analysis warning IL2026: IndexEditor.Views.ArticleEditor.XamlClosure_3.Build_13(IServiceProvider): Using member 'Avalonia.Markup.Xaml.MarkupExtensions.ReflectionBindingExtension.ReflectionBindingExtension(String)' which has 'RequiresUnreferencedCodeAttribute' can break functionality when trimming application code. BindingExpression and ReflectionBinding heavily use reflection. Consider using CompiledBindings instead. [/home/justin/repos/urban-sniffle/src/index-editor/IndexEditor.csproj]
/home/justin/repos/urban-sniffle/src/index-editor/Views/ArticleEditor.axaml(50,52): Trim analysis warning IL2026: IndexEditor.Views.ArticleEditor.XamlClosure_3.Build_13(IServiceProvider): Using member 'Avalonia.Markup.Xaml.MarkupExtensions.ReflectionBindingExtension.ReflectionBindingExtension(String)' which has 'RequiresUnreferencedCodeAttribute' can break functionality when trimming application code. BindingExpression and ReflectionBinding heavily use reflection. Consider using CompiledBindings instead. [/home/justin/repos/urban-sniffle/src/index-editor/IndexEditor.csproj]
/home/justin/repos/urban-sniffle/src/index-editor/Views/ArticleEditor.axaml(51,52): Trim analysis warning IL2026: IndexEditor.Views.ArticleEditor.XamlClosure_3.Build_13(IServiceProvider): Using member 'Avalonia.Markup.Xaml.MarkupExtensions.ReflectionBindingExtension.ReflectionBindingExtension(String)' which has 'RequiresUnreferencedCodeAttribute' can break functionality when trimming application code. BindingExpression and ReflectionBinding heavily use reflection. Consider using CompiledBindings instead. [/home/justin/repos/urban-sniffle/src/index-editor/IndexEditor.csproj]
/home/justin/repos/urban-sniffle/src/index-editor/Views/ArticleEditor.axaml(51,133): Trim analysis warning IL2026: IndexEditor.Views.ArticleEditor.XamlClosure_3.Build_13(IServiceProvider): Using member 'Avalonia.Markup.Xaml.MarkupExtensions.ReflectionBindingExtension.ReflectionBindingExtension(String)' which has 'RequiresUnreferencedCodeAttribute' can break functionality when trimming application code. BindingExpression and ReflectionBinding heavily use reflection. Consider using CompiledBindings instead. [/home/justin/repos/urban-sniffle/src/index-editor/IndexEditor.csproj]
/home/justin/repos/urban-sniffle/src/index-editor/Views/ArticleEditor.axaml(56,83): Trim analysis warning IL2026: IndexEditor.Views.ArticleEditor.XamlClosure_3.Build_13(IServiceProvider): Using member 'Avalonia.Markup.Xaml.MarkupExtensions.ReflectionBindingExtension.ReflectionBindingExtension(String)' which has 'RequiresUnreferencedCodeAttribute' can break functionality when trimming application code. BindingExpression and ReflectionBinding heavily use reflection. Consider using CompiledBindings instead. [/home/justin/repos/urban-sniffle/src/index-editor/IndexEditor.csproj]
/home/justin/repos/urban-sniffle/src/index-editor/Views/ArticleEditor.axaml(58,46): Trim analysis warning IL2026: IndexEditor.Views.ArticleEditor.XamlClosure_3.Build_13(IServiceProvider): Using member 'Avalonia.Markup.Xaml.MarkupExtensions.ReflectionBindingExtension.ReflectionBindingExtension(String)' which has 'RequiresUnreferencedCodeAttribute' can break functionality when trimming application code. BindingExpression and ReflectionBinding heavily use reflection. Consider using CompiledBindings instead. [/home/justin/repos/urban-sniffle/src/index-editor/IndexEditor.csproj]
/home/justin/repos/urban-sniffle/src/index-editor/Views/ArticleEditor.axaml(61,83): Trim analysis warning IL2026: IndexEditor.Views.ArticleEditor.XamlClosure_3.Build_13(IServiceProvider): Using member 'Avalonia.Markup.Xaml.MarkupExtensions.ReflectionBindingExtension.ReflectionBindingExtension(String)' which has 'RequiresUnreferencedCodeAttribute' can break functionality when trimming application code. BindingExpression and ReflectionBinding heavily use reflection. Consider using CompiledBindings instead. [/home/justin/repos/urban-sniffle/src/index-editor/IndexEditor.csproj]
/home/justin/repos/urban-sniffle/src/index-editor/Views/ArticleEditor.axaml(63,46): Trim analysis warning IL2026: IndexEditor.Views.ArticleEditor.XamlClosure_3.Build_13(IServiceProvider): Using member 'Avalonia.Markup.Xaml.MarkupExtensions.ReflectionBindingExtension.ReflectionBindingExtension(String)' which has 'RequiresUnreferencedCodeAttribute' can break functionality when trimming application code. BindingExpression and ReflectionBinding heavily use reflection. Consider using CompiledBindings instead. [/home/justin/repos/urban-sniffle/src/index-editor/IndexEditor.csproj]
/home/justin/repos/urban-sniffle/src/index-editor/Views/ArticleEditor.axaml(66,83): Trim analysis warning IL2026: IndexEditor.Views.ArticleEditor.XamlClosure_3.Build_13(IServiceProvider): Using member 'Avalonia.Markup.Xaml.MarkupExtensions.ReflectionBindingExtension.ReflectionBindingExtension(String)' which has 'RequiresUnreferencedCodeAttribute' can break functionality when trimming application code. BindingExpression and ReflectionBinding heavily use reflection. Consider using CompiledBindings instead. [/home/justin/repos/urban-sniffle/src/index-editor/IndexEditor.csproj]
/home/justin/repos/urban-sniffle/src/index-editor/Views/ArticleEditor.axaml(68,46): Trim analysis warning IL2026: IndexEditor.Views.ArticleEditor.XamlClosure_3.Build_13(IServiceProvider): Using member 'Avalonia.Markup.Xaml.MarkupExtensions.ReflectionBindingExtension.ReflectionBindingExtension(String)' which has 'RequiresUnreferencedCodeAttribute' can break functionality when trimming application code. BindingExpression and ReflectionBinding heavily use reflection. Consider using CompiledBindings instead. [/home/justin/repos/urban-sniffle/src/index-editor/IndexEditor.csproj]
/home/justin/repos/urban-sniffle/src/index-editor/Views/ArticleEditor.axaml(71,44): Trim analysis warning IL2026: IndexEditor.Views.ArticleEditor.XamlClosure_3.Build_13(IServiceProvider): Using member 'Avalonia.Markup.Xaml.MarkupExtensions.ReflectionBindingExtension.ReflectionBindingExtension(String)' which has 'RequiresUnreferencedCodeAttribute' can break functionality when trimming application code. BindingExpression and ReflectionBinding heavily use reflection. Consider using CompiledBindings instead. [/home/justin/repos/urban-sniffle/src/index-editor/IndexEditor.csproj]
/home/justin/repos/urban-sniffle/src/index-editor/Views/ArticleEditor.axaml(71,136): Trim analysis warning IL2026: IndexEditor.Views.ArticleEditor.XamlClosure_3.Build_13(IServiceProvider): Using member 'Avalonia.Markup.Xaml.MarkupExtensions.ReflectionBindingExtension.ReflectionBindingExtension(String)' which has 'RequiresUnreferencedCodeAttribute' can break functionality when trimming application code. BindingExpression and ReflectionBinding heavily use reflection. Consider using CompiledBindings instead. [/home/justin/repos/urban-sniffle/src/index-editor/IndexEditor.csproj]
/home/justin/repos/urban-sniffle/src/index-editor/Views/ArticleEditor.axaml(72,174): Trim analysis warning IL2026: IndexEditor.Views.ArticleEditor.XamlClosure_3.Build_13(IServiceProvider): Using member 'Avalonia.Markup.Xaml.MarkupExtensions.ReflectionBindingExtension.ReflectionBindingExtension(String)' which has 'RequiresUnreferencedCodeAttribute' can break functionality when trimming application code. BindingExpression and ReflectionBinding heavily use reflection. Consider using CompiledBindings instead. [/home/justin/repos/urban-sniffle/src/index-editor/IndexEditor.csproj]
/home/justin/repos/urban-sniffle/src/index-editor/Views/ArticleEditor.axaml(75,83): Trim analysis warning IL2026: IndexEditor.Views.ArticleEditor.XamlClosure_3.Build_13(IServiceProvider): Using member 'Avalonia.Markup.Xaml.MarkupExtensions.ReflectionBindingExtension.ReflectionBindingExtension(String)' which has 'RequiresUnreferencedCodeAttribute' can break functionality when trimming application code. BindingExpression and ReflectionBinding heavily use reflection. Consider using CompiledBindings instead. [/home/justin/repos/urban-sniffle/src/index-editor/IndexEditor.csproj]
/home/justin/repos/urban-sniffle/src/index-editor/Views/ArticleEditor.axaml(76,48): Trim analysis warning IL2026: IndexEditor.Views.ArticleEditor.XamlClosure_3.Build_13(IServiceProvider): Using member 'Avalonia.Markup.Xaml.MarkupExtensions.ReflectionBindingExtension.ReflectionBindingExtension(String)' which has 'RequiresUnreferencedCodeAttribute' can break functionality when trimming application code. BindingExpression and ReflectionBinding heavily use reflection. Consider using CompiledBindings instead. [/home/justin/repos/urban-sniffle/src/index-editor/IndexEditor.csproj]
/home/justin/repos/urban-sniffle/src/index-editor/Views/ArticleEditor.axaml(77,46): Trim analysis warning IL2026: IndexEditor.Views.ArticleEditor.XamlClosure_3.Build_13(IServiceProvider): Using member 'Avalonia.Markup.Xaml.MarkupExtensions.ReflectionBindingExtension.ReflectionBindingExtension(String)' which has 'RequiresUnreferencedCodeAttribute' can break functionality when trimming application code. BindingExpression and ReflectionBinding heavily use reflection. Consider using CompiledBindings instead. [/home/justin/repos/urban-sniffle/src/index-editor/IndexEditor.csproj]
/home/justin/repos/urban-sniffle/src/index-editor/Views/ArticleEditor.axaml(83,66): Trim analysis warning IL2026: IndexEditor.Views.ArticleEditor.XamlClosure_3.Build_13(IServiceProvider): Using member 'Avalonia.Markup.Xaml.MarkupExtensions.ReflectionBindingExtension.ReflectionBindingExtension(String)' which has 'RequiresUnreferencedCodeAttribute' can break functionality when trimming application code. BindingExpression and ReflectionBinding heavily use reflection. Consider using CompiledBindings instead. [/home/justin/repos/urban-sniffle/src/index-editor/IndexEditor.csproj]
/home/justin/repos/urban-sniffle/src/index-editor/Views/ArticleEditor.axaml(83,118): Trim analysis warning IL2026: IndexEditor.Views.ArticleEditor.XamlClosure_3.Build_13(IServiceProvider): Using member 'Avalonia.Markup.Xaml.MarkupExtensions.ReflectionBindingExtension.ReflectionBindingExtension(String)' which has 'RequiresUnreferencedCodeAttribute' can break functionality when trimming application code. BindingExpression and ReflectionBinding heavily use reflection. Consider using CompiledBindings instead. [/home/justin/repos/urban-sniffle/src/index-editor/IndexEditor.csproj]
/home/justin/repos/urban-sniffle/src/index-editor/Views/ArticleList.axaml(56,25): Trim analysis warning IL2026: IndexEditor.Views.ArticleList.XamlClosure_5.Build_14(IServiceProvider): Using member 'Avalonia.Markup.Xaml.MarkupExtensions.ReflectionBindingExtension.ReflectionBindingExtension(String)' which has 'RequiresUnreferencedCodeAttribute' can break functionality when trimming application code. BindingExpression and ReflectionBinding heavily use reflection. Consider using CompiledBindings instead. [/home/justin/repos/urban-sniffle/src/index-editor/IndexEditor.csproj]
/home/justin/repos/urban-sniffle/src/index-editor/Views/ArticleList.axaml(58,25): Trim analysis warning IL2026: IndexEditor.Views.ArticleList.XamlClosure_5.Build_14(IServiceProvider): Using member 'Avalonia.Markup.Xaml.MarkupExtensions.ReflectionBindingExtension.ReflectionBindingExtension()' which has 'RequiresUnreferencedCodeAttribute' can break functionality when trimming application code. BindingExpression and ReflectionBinding heavily use reflection. Consider using CompiledBindings instead. [/home/justin/repos/urban-sniffle/src/index-editor/IndexEditor.csproj]
/home/justin/repos/urban-sniffle/src/index-editor/Views/ArticleList.axaml(63,41): Trim analysis warning IL2026: IndexEditor.Views.ArticleList.XamlClosure_5.Build_14(IServiceProvider): Using member 'Avalonia.Markup.Xaml.MarkupExtensions.ReflectionBindingExtension.ReflectionBindingExtension(String)' which has 'RequiresUnreferencedCodeAttribute' can break functionality when trimming application code. BindingExpression and ReflectionBinding heavily use reflection. Consider using CompiledBindings instead. [/home/justin/repos/urban-sniffle/src/index-editor/IndexEditor.csproj]
/home/justin/repos/urban-sniffle/src/index-editor/Views/ArticleList.axaml(67,69): Trim analysis warning IL2026: IndexEditor.Views.ArticleList.XamlClosure_5.Build_14(IServiceProvider): Using member 'Avalonia.Markup.Xaml.MarkupExtensions.ReflectionBindingExtension.ReflectionBindingExtension(String)' which has 'RequiresUnreferencedCodeAttribute' can break functionality when trimming application code. BindingExpression and ReflectionBinding heavily use reflection. Consider using CompiledBindings instead. [/home/justin/repos/urban-sniffle/src/index-editor/IndexEditor.csproj]
/home/justin/repos/urban-sniffle/src/index-editor/Views/ArticleList.axaml(68,69): Trim analysis warning IL2026: IndexEditor.Views.ArticleList.XamlClosure_5.Build_14(IServiceProvider): Using member 'Avalonia.Markup.Xaml.MarkupExtensions.ReflectionBindingExtension.ReflectionBindingExtension(String)' which has 'RequiresUnreferencedCodeAttribute' can break functionality when trimming application code. BindingExpression and ReflectionBinding heavily use reflection. Consider using CompiledBindings instead. [/home/justin/repos/urban-sniffle/src/index-editor/IndexEditor.csproj]
/home/justin/repos/urban-sniffle/src/index-editor/Views/ArticleList.axaml(71,115): Trim analysis warning IL2026: IndexEditor.Views.ArticleList.XamlClosure_5.Build_14(IServiceProvider): Using member 'Avalonia.Markup.Xaml.MarkupExtensions.ReflectionBindingExtension.ReflectionBindingExtension(String)' which has 'RequiresUnreferencedCodeAttribute' can break functionality when trimming application code. BindingExpression and ReflectionBinding heavily use reflection. Consider using CompiledBindings instead. [/home/justin/repos/urban-sniffle/src/index-editor/IndexEditor.csproj]
/home/justin/repos/urban-sniffle/src/index-editor/Views/ArticleList.axaml(72,44): Trim analysis warning IL2026: IndexEditor.Views.ArticleList.XamlClosure_5.Build_14(IServiceProvider): Using member 'Avalonia.Markup.Xaml.MarkupExtensions.ReflectionBindingExtension.ReflectionBindingExtension(String)' which has 'RequiresUnreferencedCodeAttribute' can break functionality when trimming application code. BindingExpression and ReflectionBinding heavily use reflection. Consider using CompiledBindings instead. [/home/justin/repos/urban-sniffle/src/index-editor/IndexEditor.csproj]
/home/justin/repos/urban-sniffle/src/index-editor/Views/ArticleList.axaml(73,44): Trim analysis warning IL2026: IndexEditor.Views.ArticleList.XamlClosure_5.Build_14(IServiceProvider): Using member 'Avalonia.Markup.Xaml.MarkupExtensions.ReflectionBindingExtension.ReflectionBindingExtension(String)' which has 'RequiresUnreferencedCodeAttribute' can break functionality when trimming application code. BindingExpression and ReflectionBinding heavily use reflection. Consider using CompiledBindings instead. [/home/justin/repos/urban-sniffle/src/index-editor/IndexEditor.csproj]
/home/justin/repos/urban-sniffle/src/index-editor/Views/ArticleList.axaml(74,44): Trim analysis warning IL2026: IndexEditor.Views.ArticleList.XamlClosure_5.Build_14(IServiceProvider): Using member 'Avalonia.Markup.Xaml.MarkupExtensions.ReflectionBindingExtension.ReflectionBindingExtension(String)' which has 'RequiresUnreferencedCodeAttribute' can break functionality when trimming application code. BindingExpression and ReflectionBinding heavily use reflection. Consider using CompiledBindings instead. [/home/justin/repos/urban-sniffle/src/index-editor/IndexEditor.csproj]
/home/justin/repos/urban-sniffle/src/index-editor/Views/ArticleList.axaml(79,44): Trim analysis warning IL2026: IndexEditor.Views.ArticleList.XamlClosure_5.Build_14(IServiceProvider): Using member 'Avalonia.Markup.Xaml.MarkupExtensions.ReflectionBindingExtension.ReflectionBindingExtension(String)' which has 'RequiresUnreferencedCodeAttribute' can break functionality when trimming application code. BindingExpression and ReflectionBinding heavily use reflection. Consider using CompiledBindings instead. [/home/justin/repos/urban-sniffle/src/index-editor/IndexEditor.csproj]
/home/justin/repos/urban-sniffle/src/index-editor/Views/ArticleList.axaml(83,115): Trim analysis warning IL2026: IndexEditor.Views.ArticleList.XamlClosure_5.Build_14(IServiceProvider): Using member 'Avalonia.Markup.Xaml.MarkupExtensions.ReflectionBindingExtension.ReflectionBindingExtension(String)' which has 'RequiresUnreferencedCodeAttribute' can break functionality when trimming application code. BindingExpression and ReflectionBinding heavily use reflection. Consider using CompiledBindings instead. [/home/justin/repos/urban-sniffle/src/index-editor/IndexEditor.csproj]
/home/justin/repos/urban-sniffle/src/index-editor/Views/ArticleList.axaml(92,138): Trim analysis warning IL2026: IndexEditor.Views.ArticleList.XamlClosure_5.Build_16(IServiceProvider): Using member 'Avalonia.Markup.Xaml.MarkupExtensions.ReflectionBindingExtension.ReflectionBindingExtension()' which has 'RequiresUnreferencedCodeAttribute' can break functionality when trimming application code. BindingExpression and ReflectionBinding heavily use reflection. Consider using CompiledBindings instead. [/home/justin/repos/urban-sniffle/src/index-editor/IndexEditor.csproj]
/home/justin/repos/urban-sniffle/src/index-editor/Views/ArticleList.axaml(101,57): Trim analysis warning IL2026: IndexEditor.Views.ArticleList.XamlClosure_5.Build_16(IServiceProvider): Using member 'Avalonia.Markup.Xaml.MarkupExtensions.ReflectionBindingExtension.ReflectionBindingExtension(String)' which has 'RequiresUnreferencedCodeAttribute' can break functionality when trimming application code. BindingExpression and ReflectionBinding heavily use reflection. Consider using CompiledBindings instead. [/home/justin/repos/urban-sniffle/src/index-editor/IndexEditor.csproj]
/home/justin/repos/urban-sniffle/src/index-editor/Views/ArticleList.axaml(102,89): Trim analysis warning IL2026: IndexEditor.Views.ArticleList.XamlClosure_5.Build_16(IServiceProvider): Using member 'Avalonia.Markup.Xaml.MarkupExtensions.ReflectionBindingExtension.ReflectionBindingExtension(String)' which has 'RequiresUnreferencedCodeAttribute' can break functionality when trimming application code. BindingExpression and ReflectionBinding heavily use reflection. Consider using CompiledBindings instead. [/home/justin/repos/urban-sniffle/src/index-editor/IndexEditor.csproj]
/home/justin/repos/urban-sniffle/src/index-editor/Views/ArticleList.axaml(104,60): Trim analysis warning IL2026: IndexEditor.Views.ArticleList.XamlClosure_5.Build_16(IServiceProvider): Using member 'Avalonia.Markup.Xaml.MarkupExtensions.ReflectionBindingExtension.ReflectionBindingExtension(String)' which has 'RequiresUnreferencedCodeAttribute' can break functionality when trimming application code. BindingExpression and ReflectionBinding heavily use reflection. Consider using CompiledBindings instead. [/home/justin/repos/urban-sniffle/src/index-editor/IndexEditor.csproj]
/home/justin/repos/urban-sniffle/src/index-editor/Views/ArticleList.axaml(107,60): Trim analysis warning IL2026: IndexEditor.Views.ArticleList.XamlClosure_5.Build_16(IServiceProvider): Using member 'Avalonia.Markup.Xaml.MarkupExtensions.ReflectionBindingExtension.ReflectionBindingExtension(String)' which has 'RequiresUnreferencedCodeAttribute' can break functionality when trimming application code. BindingExpression and ReflectionBinding heavily use reflection. Consider using CompiledBindings instead. [/home/justin/repos/urban-sniffle/src/index-editor/IndexEditor.csproj]
  IndexEditor -> /home/justin/bin/
Done! All tools published to /home/justin/bin
